[INFO] Scanning for projects...
[INFO] 
[INFO] ----------------------< com.BuildBox:BuildServer >----------------------
[INFO] Building BuildServer 0.0.1-SNAPSHOT
[INFO]   from pom.xml
[INFO] --------------------------------[ jar ]---------------------------------
[INFO] 
[INFO] >>> spring-boot:3.2.1:run (default-cli) > test-compile @ BuildServer >>>
[INFO] 
[INFO] --- resources:3.3.1:resources (default-resources) @ BuildServer ---
[INFO] Copying 1 resource from src/main/resources to target/classes
[INFO] Copying 0 resource from src/main/resources to target/classes
[INFO] 
[INFO] --- compiler:3.11.0:compile (default-compile) @ BuildServer ---
[INFO] Nothing to compile - all classes are up to date
[INFO] 
[INFO] --- resources:3.3.1:testResources (default-testResources) @ BuildServer ---
[INFO] skip non existing resourceDirectory /Users/kavyapatel/Desktop/buildbox/Build-Box-backend/BuildServer/src/test/resources
[INFO] 
[INFO] --- compiler:3.11.0:testCompile (default-testCompile) @ BuildServer ---
[INFO] Nothing to compile - all classes are up to date
[INFO] 
[INFO] <<< spring-boot:3.2.1:run (default-cli) < test-compile @ BuildServer <<<
[INFO] 
[INFO] 
[INFO] --- spring-boot:3.2.1:run (default-cli) @ BuildServer ---
[INFO] Attaching agents: []
Standard Commons Logging discovery in action with spring-jcl: please remove commons-logging.jar from classpath in order to avoid potential conflicts

  .   ____          _            __ _ _
 /\\ / ___'_ __ _ _(_)_ __  __ _ \ \ \ \
( ( )\___ | '_ | '_| | '_ \/ _` | \ \ \ \
 \\/  ___)| |_)| | | | | || (_| |  ) ) ) )
  '  |____| .__|_| |_|_| |_\__, | / / / /
 =========|_|==============|___/=/_/_/_/
 :: Spring Boot ::                (v3.2.1)

2026-02-13T16:44:29.976+05:30  INFO 6461 --- [BuildServer] [           main] c.B.BuildServer.BuildServerApplication   : Starting BuildServerApplication using Java 25.0.2 with PID 6461 (/Users/kavyapatel/Desktop/buildbox/Build-Box-backend/BuildServer/target/classes started by kavyapatel in /Users/kavyapatel/Desktop/buildbox/Build-Box-backend/BuildServer)
2026-02-13T16:44:29.976+05:30  INFO 6461 --- [BuildServer] [           main] c.B.BuildServer.BuildServerApplication   : No active profile set, falling back to 1 default profile: "default"
2026-02-13T16:44:30.162+05:30  INFO 6461 --- [BuildServer] [           main] .s.d.r.c.RepositoryConfigurationDelegate : Multiple Spring Data modules found, entering strict repository configuration mode
2026-02-13T16:44:30.163+05:30  INFO 6461 --- [BuildServer] [           main] .s.d.r.c.RepositoryConfigurationDelegate : Bootstrapping Spring Data Redis repositories in DEFAULT mode.
2026-02-13T16:44:30.175+05:30  INFO 6461 --- [BuildServer] [           main] .s.d.r.c.RepositoryConfigurationDelegate : Finished Spring Data repository scanning in 7 ms. Found 0 Redis repository interfaces.
WARNING: A restricted method in java.lang.System has been called
WARNING: java.lang.System::load has been called by org.apache.tomcat.jni.Library in an unnamed module (file:/Users/kavyapatel/.m2/repository/org/apache/tomcat/embed/tomcat-embed-core/10.1.17/tomcat-embed-core-10.1.17.jar)
WARNING: Use --enable-native-access=ALL-UNNAMED to avoid a warning for callers in this module
WARNING: Restricted methods will be blocked in a future release unless native access is enabled

2026-02-13T16:44:30.297+05:30  INFO 6461 --- [BuildServer] [           main] o.s.b.w.embedded.tomcat.TomcatWebServer  : Tomcat initialized with port 9191 (http)
2026-02-13T16:44:30.301+05:30  INFO 6461 --- [BuildServer] [           main] o.apache.catalina.core.StandardService   : Starting service [Tomcat]
2026-02-13T16:44:30.301+05:30  INFO 6461 --- [BuildServer] [           main] o.apache.catalina.core.StandardEngine    : Starting Servlet engine: [Apache Tomcat/10.1.17]
2026-02-13T16:44:30.315+05:30  INFO 6461 --- [BuildServer] [           main] o.a.c.c.C.[Tomcat].[localhost].[/]       : Initializing Spring embedded WebApplicationContext
2026-02-13T16:44:30.315+05:30  INFO 6461 --- [BuildServer] [           main] w.s.c.ServletWebServerApplicationContext : Root WebApplicationContext: initialization completed in 324 ms
Standard Commons Logging discovery in action with spring-jcl: please remove commons-logging.jar from classpath in order to avoid potential conflicts
WARNING: A terminally deprecated method in sun.misc.Unsafe has been called
WARNING: sun.misc.Unsafe::objectFieldOffset has been called by io.netty.util.internal.PlatformDependent0$4 (file:/Users/kavyapatel/.m2/repository/io/netty/netty-common/4.1.104.Final/netty-common-4.1.104.Final.jar)
WARNING: Please consider reporting this to the maintainers of class io.netty.util.internal.PlatformDependent0$4
WARNING: sun.misc.Unsafe::objectFieldOffset will be removed in a future release
2026-02-13T16:44:30.966+05:30  INFO 6461 --- [BuildServer] [           main] o.s.b.w.embedded.tomcat.TomcatWebServer  : Tomcat started on port 9191 (http) with context path ''
2026-02-13T16:44:30.969+05:30  INFO 6461 --- [BuildServer] [           main] c.B.BuildServer.BuildServerApplication   : Started BuildServerApplication in 1.089 seconds (process running for 1.188)
🧹 Checking for idle tasks...
2026-02-13T16:44:42.980+05:30  INFO 6461 --- [BuildServer] [nio-9191-exec-1] o.a.c.c.C.[Tomcat].[localhost].[/]       : Initializing Spring DispatcherServlet 'dispatcherServlet'
2026-02-13T16:44:42.980+05:30  INFO 6461 --- [BuildServer] [nio-9191-exec-1] o.s.web.servlet.DispatcherServlet        : Initializing Servlet 'dispatcherServlet'
2026-02-13T16:44:42.981+05:30  INFO 6461 --- [BuildServer] [nio-9191-exec-1] o.s.web.servlet.DispatcherServlet        : Completed initialization in 1 ms
📂 Using LOCAL source code at: /Users/kavyapatel/Desktop/buildbox/Build-Box-backend/BuildServer/builds/test-node-app
📝 Injecting Dockerfile: node.dockerfile
🔨 Building Docker image: test-node-app:latest
   Platform: linux/amd64 (for EC2 compatibility)
#0 building with "desktop-linux" instance using docker driver

#1 [internal] load build definition from Dockerfile
#1 transferring dockerfile: 408B done
#1 DONE 0.0s

#2 [internal] load metadata for docker.io/library/node:18-alpine
#2 DONE 10.8s

#3 [internal] load .dockerignore
#3 transferring context: 2B done
#3 DONE 0.0s

#4 [internal] load build context
#4 transferring context: 467B done
#4 DONE 0.0s

#5 [1/5] FROM docker.io/library/node:18-alpine@sha256:8d6421d663b4c28fd3ebc498332f249011d118945588d0a35cb9bc4b8ca09d9e
#5 resolve docker.io/library/node:18-alpine@sha256:8d6421d663b4c28fd3ebc498332f249011d118945588d0a35cb9bc4b8ca09d9e done
#5 DONE 0.0s

#6 [2/5] WORKDIR /app
#6 CACHED

#7 [3/5] COPY package*.json ./
#7 CACHED

#8 [4/5] RUN npm install --production
#8 CACHED

#9 [5/5] COPY . .
#9 CACHED

#10 exporting to image
#10 exporting layers done
#10 exporting manifest sha256:a026a69a2c226d6d8b09057281f65930c94fc95dc3f5379d987278a2edc55087 done
#10 exporting config sha256:be5f955187cc64670478c902988ea7820a960687a97a44075c40a20f4135b8a8 done
#10 exporting attestation manifest sha256:8f1ca0eb26f81b1ebba1cab195cabe3abcc7856ba72da6dab0f5cb6d2db63e5c done
#10 exporting manifest list sha256:79253b22f5100363c72cf127941a86eda38f6dbf6c008a54108ba0ad0b5446de done
#10 naming to docker.io/library/test-node-app:latest done
#10 DONE 0.0s
🔐 Authenticating with ECR...
Login Succeeded
WARNING! Using --password via the CLI is insecure. Use --password-stdin.
☁️ Pushing to ECR...
   Image: 788184849410.dkr.ecr.ap-south-1.amazonaws.com/buildbox/buildserver:test-node-app
The push refers to repository [788184849410.dkr.ecr.ap-south-1.amazonaws.com/buildbox/buildserver]
f18232174bc9: Waiting
dd71dde834b5: Waiting
1e5a4c89cee5: Waiting
7bf2787fa93e: Waiting
d564a92fd4ba: Waiting
3b6096da3dbc: Waiting
7c9c2fa9443b: Waiting
25ff2da83641: Waiting
b9ab8cea6952: Waiting
3b6096da3dbc: Waiting
7c9c2fa9443b: Waiting
25ff2da83641: Waiting
b9ab8cea6952: Waiting
f18232174bc9: Waiting
dd71dde834b5: Waiting
1e5a4c89cee5: Waiting
7bf2787fa93e: Waiting
d564a92fd4ba: Waiting
1e5a4c89cee5: Waiting
7bf2787fa93e: Waiting
d564a92fd4ba: Waiting
3b6096da3dbc: Waiting
7c9c2fa9443b: Waiting
25ff2da83641: Waiting
b9ab8cea6952: Waiting
f18232174bc9: Waiting
dd71dde834b5: Waiting
f18232174bc9: Layer already exists
dd71dde834b5: Layer already exists
1e5a4c89cee5: Layer already exists
7bf2787fa93e: Layer already exists
d564a92fd4ba: Layer already exists
3b6096da3dbc: Waiting
7c9c2fa9443b: Layer already exists
25ff2da83641: Layer already exists
b9ab8cea6952: Layer already exists
3b6096da3dbc: Pushed
test-node-app: digest: sha256:79253b22f5100363c72cf127941a86eda38f6dbf6c008a54108ba0ad0b5446de size: 856
🚀 Starting ECS task...
   Task Family: user-node-task
   Container: user-node-app
   Image: 788184849410.dkr.ecr.ap-south-1.amazonaws.com/buildbox/buildserver:test-node-app
📋 Registered task definition: arn:aws:ecs:ap-south-1:788184849410:task-definition/user-node-task:11
✅ Task started: arn:aws:ecs:ap-south-1:788184849410:task/buildserver-cluster-1/895d32626ba342958011938456bd7fe5
✅ Task started: arn:aws:ecs:ap-south-1:788184849410:task/buildserver-cluster-1/895d32626ba342958011938456bd7fe5
🔍 Waiting for task to start... (Task ARN: arn:aws:ecs:ap-south-1:788184849410:task/buildserver-cluster-1/895d32626ba342958011938456bd7fe5)
📂 Using LOCAL source code at: /Users/kavyapatel/Desktop/buildbox/Build-Box-backend/BuildServer/builds/test-node-app
📝 Injecting Dockerfile: node.dockerfile
🔨 Building Docker image: test-node-app:latest
   Platform: linux/amd64 (for EC2 compatibility)
#0 building with "desktop-linux" instance using docker driver

#1 [internal] load build definition from Dockerfile
#1 transferring dockerfile: 408B done
#1 DONE 0.0s

#2 [internal] load metadata for docker.io/library/node:18-alpine
#2 DONE 0.9s

#3 [internal] load .dockerignore
#3 transferring context: 2B done
#3 DONE 0.0s

#4 [internal] load build context
#4 transferring context: 467B done
#4 DONE 0.0s

#5 [1/5] FROM docker.io/library/node:18-alpine@sha256:8d6421d663b4c28fd3ebc498332f249011d118945588d0a35cb9bc4b8ca09d9e
#5 resolve docker.io/library/node:18-alpine@sha256:8d6421d663b4c28fd3ebc498332f249011d118945588d0a35cb9bc4b8ca09d9e done
#5 DONE 0.0s

#6 [2/5] WORKDIR /app
#6 CACHED

#7 [3/5] COPY package*.json ./
#7 CACHED

#8 [4/5] RUN npm install --production
#8 CACHED

#9 [5/5] COPY . .
#9 CACHED

#10 exporting to image
#10 exporting layers done
#10 exporting manifest sha256:a026a69a2c226d6d8b09057281f65930c94fc95dc3f5379d987278a2edc55087 done
#10 exporting config sha256:be5f955187cc64670478c902988ea7820a960687a97a44075c40a20f4135b8a8 done
#10 exporting attestation manifest sha256:0bd81ac267dac8128c2e73d4d549c0c8c4e39671e42856a12e7caaae4cd0ebc1 done
#10 exporting manifest list sha256:bb5e64019fb1fbd6dc5a78d899fd0b01e42096fc3b59214ce9b3f9b32965d258 done
#10 naming to docker.io/library/test-node-app:latest done
#10 DONE 0.0s
🔐 Authenticating with ECR...
Login Succeeded
WARNING! Using --password via the CLI is insecure. Use --password-stdin.
☁️ Pushing to ECR...
   Image: 788184849410.dkr.ecr.ap-south-1.amazonaws.com/buildbox/buildserver:test-node-app
The push refers to repository [788184849410.dkr.ecr.ap-south-1.amazonaws.com/buildbox/buildserver]
f18232174bc9: Waiting
1e5a4c89cee5: Waiting
25ff2da83641: Waiting
b9ab8cea6952: Waiting
c53255bbae52: Waiting
dd71dde834b5: Waiting
7bf2787fa93e: Waiting
d564a92fd4ba: Waiting
7c9c2fa9443b: Waiting
c53255bbae52: Waiting
dd71dde834b5: Waiting
7bf2787fa93e: Waiting
d564a92fd4ba: Waiting
7c9c2fa9443b: Waiting
f18232174bc9: Waiting
1e5a4c89cee5: Waiting
25ff2da83641: Waiting
b9ab8cea6952: Waiting
c53255bbae52: Waiting
dd71dde834b5: Layer already exists
7bf2787fa93e: Layer already exists
d564a92fd4ba: Layer already exists
7c9c2fa9443b: Layer already exists
f18232174bc9: Layer already exists
1e5a4c89cee5: Layer already exists
25ff2da83641: Layer already exists
b9ab8cea6952: Layer already exists
c53255bbae52: Pushed
test-node-app: digest: sha256:bb5e64019fb1fbd6dc5a78d899fd0b01e42096fc3b59214ce9b3f9b32965d258 size: 856
🚀 Starting ECS task...
   Task Family: user-node-task
   Container: user-node-app
   Image: 788184849410.dkr.ecr.ap-south-1.amazonaws.com/buildbox/buildserver:test-node-app
📋 Registered task definition: arn:aws:ecs:ap-south-1:788184849410:task-definition/user-node-task:12
✅ Task started: arn:aws:ecs:ap-south-1:788184849410:task/buildserver-cluster-1/2b413819999d495bbf982d860871cc5b
✅ Task started: arn:aws:ecs:ap-south-1:788184849410:task/buildserver-cluster-1/2b413819999d495bbf982d860871cc5b
🔍 Waiting for task to start... (Task ARN: arn:aws:ecs:ap-south-1:788184849410:task/buildserver-cluster-1/2b413819999d495bbf982d860871cc5b)
🧹 Checking for idle tasks...
java.lang.RuntimeException: Timeout waiting for task to start: arn:aws:ecs:ap-south-1:788184849410:task/buildserver-cluster-1/895d32626ba342958011938456bd7fe5
	at com.BuildBox.BuildServer.service.TaskPortDiscoveryService.discoverAndRegister(TaskPortDiscoveryService.java:72)
	at com.BuildBox.BuildServer.service.BuildService.buildFromDirectory(BuildService.java:148)
	at com.BuildBox.BuildServer.service.BuildService.buildAndRunLocal(BuildService.java:86)
	at com.BuildBox.BuildServer.service.AsyncBuildExecutor.startBuildLocal(AsyncBuildExecutor.java:27)
	at com.BuildBox.BuildServer.controller.BuildController.triggerLocalBuild(BuildController.java:101)
	at java.base/jdk.internal.reflect.DirectMethodHandleAccessor.invoke(DirectMethodHandleAccessor.java:104)
	at java.base/java.lang.reflect.Method.invoke(Method.java:565)
	at org.springframework.web.method.support.InvocableHandlerMethod.doInvoke(InvocableHandlerMethod.java:262)
	at org.springframework.web.method.support.InvocableHandlerMethod.invokeForRequest(InvocableHandlerMethod.java:190)
	at org.springframework.web.servlet.mvc.method.annotation.ServletInvocableHandlerMethod.invokeAndHandle(ServletInvocableHandlerMethod.java:118)
	at org.springframework.web.servlet.mvc.method.annotation.RequestMappingHandlerAdapter.invokeHandlerMethod(RequestMappingHandlerAdapter.java:917)
	at org.springframework.web.servlet.mvc.method.annotation.RequestMappingHandlerAdapter.handleInternal(RequestMappingHandlerAdapter.java:829)
	at org.springframework.web.servlet.mvc.method.AbstractHandlerMethodAdapter.handle(AbstractHandlerMethodAdapter.java:87)
	at org.springframework.web.servlet.DispatcherServlet.doDispatch(DispatcherServlet.java:1089)
	at org.springframework.web.servlet.DispatcherServlet.doService(DispatcherServlet.java:979)
	at org.springframework.web.servlet.FrameworkServlet.processRequest(FrameworkServlet.java:1014)
	at org.springframework.web.servlet.FrameworkServlet.doPost(FrameworkServlet.java:914)
	at jakarta.servlet.http.HttpServlet.service(HttpServlet.java:590)
	at org.springframework.web.servlet.FrameworkServlet.service(FrameworkServlet.java:885)
	at jakarta.servlet.http.HttpServlet.service(HttpServlet.java:658)
	at org.apache.catalina.core.ApplicationFilterChain.internalDoFilter(ApplicationFilterChain.java:205)
	at org.apache.catalina.core.ApplicationFilterChain.doFilter(ApplicationFilterChain.java:149)
	at org.apache.tomcat.websocket.server.WsFilter.doFilter(WsFilter.java:51)
	at org.apache.catalina.core.ApplicationFilterChain.internalDoFilter(ApplicationFilterChain.java:174)
	at org.apache.catalina.core.ApplicationFilterChain.doFilter(ApplicationFilterChain.java:149)
	at org.springframework.web.filter.RequestContextFilter.doFilterInternal(RequestContextFilter.java:100)
	at org.springframework.web.filter.OncePerRequestFilter.doFilter(OncePerRequestFilter.java:116)
	at org.apache.catalina.core.ApplicationFilterChain.internalDoFilter(ApplicationFilterChain.java:174)
	at org.apache.catalina.core.ApplicationFilterChain.doFilter(ApplicationFilterChain.java:149)
	at org.springframework.web.filter.FormContentFilter.doFilterInternal(FormContentFilter.java:93)
	at org.springframework.web.filter.OncePerRequestFilter.doFilter(OncePerRequestFilter.java:116)
	at org.apache.catalina.core.ApplicationFilterChain.internalDoFilter(ApplicationFilterChain.java:174)
	at org.apache.catalina.core.ApplicationFilterChain.doFilter(ApplicationFilterChain.java:149)
	at org.springframework.web.filter.CharacterEncodingFilter.doFilterInternal(CharacterEncodingFilter.java:201)
	at org.springframework.web.filter.OncePerRequestFilter.doFilter(OncePerRequestFilter.java:116)
	at org.apache.catalina.core.ApplicationFilterChain.internalDoFilter(ApplicationFilterChain.java:174)
	at org.apache.catalina.core.ApplicationFilterChain.doFilter(ApplicationFilterChain.java:149)
	at org.apache.catalina.core.StandardWrapperValve.invoke(StandardWrapperValve.java:167)
	at org.apache.catalina.core.StandardContextValve.invoke(StandardContextValve.java:90)
	at org.apache.catalina.authenticator.AuthenticatorBase.invoke(AuthenticatorBase.java:482)
	at org.apache.catalina.core.StandardHostValve.invoke(StandardHostValve.java:115)
	at org.apache.catalina.valves.ErrorReportValve.invoke(ErrorReportValve.java:93)
	at org.apache.catalina.core.StandardEngineValve.invoke(StandardEngineValve.java:74)
	at org.apache.catalina.connector.CoyoteAdapter.service(CoyoteAdapter.java:340)
	at org.apache.coyote.http11.Http11Processor.service(Http11Processor.java:391)
	at org.apache.coyote.AbstractProcessorLight.process(AbstractProcessorLight.java:63)
	at org.apache.coyote.AbstractProtocol$ConnectionHandler.process(AbstractProtocol.java:896)
	at org.apache.tomcat.util.net.NioEndpoint$SocketProcessor.doRun(NioEndpoint.java:1744)
	at org.apache.tomcat.util.net.SocketProcessorBase.run(SocketProcessorBase.java:52)
	at org.apache.tomcat.util.threads.ThreadPoolExecutor.runWorker(ThreadPoolExecutor.java:1191)
	at org.apache.tomcat.util.threads.ThreadPoolExecutor$Worker.run(ThreadPoolExecutor.java:659)
	at org.apache.tomcat.util.threads.TaskThread$WrappingRunnable.run(TaskThread.java:61)
	at java.base/java.lang.Thread.run(Thread.java:1474)
java.lang.RuntimeException: Timeout waiting for task to start: arn:aws:ecs:ap-south-1:788184849410:task/buildserver-cluster-1/2b413819999d495bbf982d860871cc5b
	at com.BuildBox.BuildServer.service.TaskPortDiscoveryService.discoverAndRegister(TaskPortDiscoveryService.java:72)
	at com.BuildBox.BuildServer.service.BuildService.buildFromDirectory(BuildService.java:148)
	at com.BuildBox.BuildServer.service.BuildService.buildAndRunLocal(BuildService.java:86)
	at com.BuildBox.BuildServer.service.AsyncBuildExecutor.startBuildLocal(AsyncBuildExecutor.java:27)
	at com.BuildBox.BuildServer.controller.BuildController.triggerLocalBuild(BuildController.java:101)
	at java.base/jdk.internal.reflect.DirectMethodHandleAccessor.invoke(DirectMethodHandleAccessor.java:104)
	at java.base/java.lang.reflect.Method.invoke(Method.java:565)
	at org.springframework.web.method.support.InvocableHandlerMethod.doInvoke(InvocableHandlerMethod.java:262)
	at org.springframework.web.method.support.InvocableHandlerMethod.invokeForRequest(InvocableHandlerMethod.java:190)
	at org.springframework.web.servlet.mvc.method.annotation.ServletInvocableHandlerMethod.invokeAndHandle(ServletInvocableHandlerMethod.java:118)
	at org.springframework.web.servlet.mvc.method.annotation.RequestMappingHandlerAdapter.invokeHandlerMethod(RequestMappingHandlerAdapter.java:917)
	at org.springframework.web.servlet.mvc.method.annotation.RequestMappingHandlerAdapter.handleInternal(RequestMappingHandlerAdapter.java:829)
	at org.springframework.web.servlet.mvc.method.AbstractHandlerMethodAdapter.handle(AbstractHandlerMethodAdapter.java:87)
	at org.springframework.web.servlet.DispatcherServlet.doDispatch(DispatcherServlet.java:1089)
	at org.springframework.web.servlet.DispatcherServlet.doService(DispatcherServlet.java:979)
	at org.springframework.web.servlet.FrameworkServlet.processRequest(FrameworkServlet.java:1014)
	at org.springframework.web.servlet.FrameworkServlet.doPost(FrameworkServlet.java:914)
	at jakarta.servlet.http.HttpServlet.service(HttpServlet.java:590)
	at org.springframework.web.servlet.FrameworkServlet.service(FrameworkServlet.java:885)
	at jakarta.servlet.http.HttpServlet.service(HttpServlet.java:658)
	at org.apache.catalina.core.ApplicationFilterChain.internalDoFilter(ApplicationFilterChain.java:205)
	at org.apache.catalina.core.ApplicationFilterChain.doFilter(ApplicationFilterChain.java:149)
	at org.apache.tomcat.websocket.server.WsFilter.doFilter(WsFilter.java:51)
	at org.apache.catalina.core.ApplicationFilterChain.internalDoFilter(ApplicationFilterChain.java:174)
	at org.apache.catalina.core.ApplicationFilterChain.doFilter(ApplicationFilterChain.java:149)
	at org.springframework.web.filter.RequestContextFilter.doFilterInternal(RequestContextFilter.java:100)
	at org.springframework.web.filter.OncePerRequestFilter.doFilter(OncePerRequestFilter.java:116)
	at org.apache.catalina.core.ApplicationFilterChain.internalDoFilter(ApplicationFilterChain.java:174)
	at org.apache.catalina.core.ApplicationFilterChain.doFilter(ApplicationFilterChain.java:149)
	at org.springframework.web.filter.FormContentFilter.doFilterInternal(FormContentFilter.java:93)
	at org.springframework.web.filter.OncePerRequestFilter.doFilter(OncePerRequestFilter.java:116)
	at org.apache.catalina.core.ApplicationFilterChain.internalDoFilter(ApplicationFilterChain.java:174)
	at org.apache.catalina.core.ApplicationFilterChain.doFilter(ApplicationFilterChain.java:149)
	at org.springframework.web.filter.CharacterEncodingFilter.doFilterInternal(CharacterEncodingFilter.java:201)
	at org.springframework.web.filter.OncePerRequestFilter.doFilter(OncePerRequestFilter.java:116)
	at org.apache.catalina.core.ApplicationFilterChain.internalDoFilter(ApplicationFilterChain.java:174)
	at org.apache.catalina.core.ApplicationFilterChain.doFilter(ApplicationFilterChain.java:149)
	at org.apache.catalina.core.StandardWrapperValve.invoke(StandardWrapperValve.java:167)
	at org.apache.catalina.core.StandardContextValve.invoke(StandardContextValve.java:90)
	at org.apache.catalina.authenticator.AuthenticatorBase.invoke(AuthenticatorBase.java:482)
	at org.apache.catalina.core.StandardHostValve.invoke(StandardHostValve.java:115)
	at org.apache.catalina.valves.ErrorReportValve.invoke(ErrorReportValve.java:93)
	at org.apache.catalina.core.StandardEngineValve.invoke(StandardEngineValve.java:74)
	at org.apache.catalina.connector.CoyoteAdapter.service(CoyoteAdapter.java:340)
	at org.apache.coyote.http11.Http11Processor.service(Http11Processor.java:391)
	at org.apache.coyote.AbstractProcessorLight.process(AbstractProcessorLight.java:63)
	at org.apache.coyote.AbstractProtocol$ConnectionHandler.process(AbstractProtocol.java:896)
	at org.apache.tomcat.util.net.NioEndpoint$SocketProcessor.doRun(NioEndpoint.java:1744)
	at org.apache.tomcat.util.net.SocketProcessorBase.run(SocketProcessorBase.java:52)
	at org.apache.tomcat.util.threads.ThreadPoolExecutor.runWorker(ThreadPoolExecutor.java:1191)
	at org.apache.tomcat.util.threads.ThreadPoolExecutor$Worker.run(ThreadPoolExecutor.java:659)
	at org.apache.tomcat.util.threads.TaskThread$WrappingRunnable.run(TaskThread.java:61)
	at java.base/java.lang.Thread.run(Thread.java:1474)
🧹 Checking for idle tasks...
🧹 Checking for idle tasks...
🧹 Checking for idle tasks...
🧹 Checking for idle tasks...
🧹 Checking for idle tasks...
🧹 Checking for idle tasks...
🧹 Checking for idle tasks...
🧹 Checking for idle tasks...
🧹 Checking for idle tasks...
🧹 Checking for idle tasks...
🧹 Checking for idle tasks...
🧹 Checking for idle tasks...
🧹 Checking for idle tasks...
🧹 Checking for idle tasks...
🧹 Checking for idle tasks...
🧹 Checking for idle tasks...
🧹 Checking for idle tasks...
🧹 Checking for idle tasks...
🧹 Checking for idle tasks...
🧹 Checking for idle tasks...
🧹 Checking for idle tasks...
🧹 Checking for idle tasks...
🧹 Checking for idle tasks...
🧹 Checking for idle tasks...
📂 Using LOCAL source code at: /Users/kavyapatel/Desktop/buildbox/Build-Box-backend/BuildServer/builds/test-node-app
📝 Injecting Dockerfile: node.dockerfile
🔨 Building Docker image: test-node-app:latest
   Platform: linux/amd64 (for EC2 compatibility)
🧹 Checking for idle tasks...
#0 building with "desktop-linux" instance using docker driver

#1 [internal] load build definition from Dockerfile
#1 transferring dockerfile: 408B done
#1 DONE 0.0s

#2 [internal] load metadata for docker.io/library/node:18-alpine
#2 DONE 1.0s

#3 [internal] load .dockerignore
#3 transferring context: 2B done
#3 DONE 0.0s

#4 [internal] load build context
#4 transferring context: 467B done
#4 DONE 0.0s

#5 [1/5] FROM docker.io/library/node:18-alpine@sha256:8d6421d663b4c28fd3ebc498332f249011d118945588d0a35cb9bc4b8ca09d9e
#5 resolve docker.io/library/node:18-alpine@sha256:8d6421d663b4c28fd3ebc498332f249011d118945588d0a35cb9bc4b8ca09d9e done
#5 DONE 0.0s

#6 [4/5] RUN npm install --production
#6 CACHED

#7 [2/5] WORKDIR /app
#7 CACHED

#8 [3/5] COPY package*.json ./
#8 CACHED

#9 [5/5] COPY . .
#9 CACHED

#10 exporting to image
#10 exporting layers done
#10 exporting manifest sha256:a026a69a2c226d6d8b09057281f65930c94fc95dc3f5379d987278a2edc55087 done
#10 exporting config sha256:be5f955187cc64670478c902988ea7820a960687a97a44075c40a20f4135b8a8 done
#10 exporting attestation manifest sha256:097667af3376fb22b8a45ee9710faacc6deb6ea0a85a8742ce35ec2d4511a1bf done
#10 exporting manifest list sha256:f88ed7ff8ce150d4a8b4d18bff63449b669cf1988f164c26afda4d61c52f980b done
#10 naming to docker.io/library/test-node-app:latest done
#10 DONE 0.0s
🔐 Authenticating with ECR...
Login Succeeded
WARNING! Using --password via the CLI is insecure. Use --password-stdin.
☁️ Pushing to ECR...
   Image: 788184849410.dkr.ecr.ap-south-1.amazonaws.com/buildbox/buildserver:test-node-app
The push refers to repository [788184849410.dkr.ecr.ap-south-1.amazonaws.com/buildbox/buildserver]
7bf2787fa93e: Waiting
b9ab8cea6952: Waiting
94175e5d4621: Waiting
1e5a4c89cee5: Waiting
d564a92fd4ba: Waiting
7c9c2fa9443b: Waiting
f18232174bc9: Waiting
dd71dde834b5: Waiting
25ff2da83641: Waiting
7c9c2fa9443b: Layer already exists
f18232174bc9: Layer already exists
dd71dde834b5: Layer already exists
25ff2da83641: Layer already exists
7bf2787fa93e: Layer already exists
b9ab8cea6952: Layer already exists
94175e5d4621: Waiting
1e5a4c89cee5: Layer already exists
d564a92fd4ba: Layer already exists
94175e5d4621: Pushed
test-node-app: digest: sha256:f88ed7ff8ce150d4a8b4d18bff63449b669cf1988f164c26afda4d61c52f980b size: 856
🚀 Starting ECS task...
   Task Family: user-node-task
   Container: user-node-app
   Image: 788184849410.dkr.ecr.ap-south-1.amazonaws.com/buildbox/buildserver:test-node-app
📋 Registered task definition: arn:aws:ecs:ap-south-1:788184849410:task-definition/user-node-task:17
✅ Task started: arn:aws:ecs:ap-south-1:788184849410:task/buildserver-cluster-1/2131985ba10c4d6098660e271cef311a
✅ Task started: arn:aws:ecs:ap-south-1:788184849410:task/buildserver-cluster-1/2131985ba10c4d6098660e271cef311a
🔍 Waiting for task to start... (Task ARN: arn:aws:ecs:ap-south-1:788184849410:task/buildserver-cluster-1/2131985ba10c4d6098660e271cef311a)
java.lang.RuntimeException: Timeout waiting for task to start: arn:aws:ecs:ap-south-1:788184849410:task/buildserver-cluster-1/2131985ba10c4d6098660e271cef311a
	at com.BuildBox.BuildServer.service.TaskPortDiscoveryService.discoverAndRegister(TaskPortDiscoveryService.java:72)
	at com.BuildBox.BuildServer.service.BuildService.buildFromDirectory(BuildService.java:148)
	at com.BuildBox.BuildServer.service.BuildService.buildAndRunLocal(BuildService.java:86)
	at com.BuildBox.BuildServer.service.AsyncBuildExecutor.startBuildLocal(AsyncBuildExecutor.java:27)
	at com.BuildBox.BuildServer.controller.BuildController.triggerLocalBuild(BuildController.java:101)
	at java.base/jdk.internal.reflect.DirectMethodHandleAccessor.invoke(DirectMethodHandleAccessor.java:104)
	at java.base/java.lang.reflect.Method.invoke(Method.java:565)
	at org.springframework.web.method.support.InvocableHandlerMethod.doInvoke(InvocableHandlerMethod.java:262)
	at org.springframework.web.method.support.InvocableHandlerMethod.invokeForRequest(InvocableHandlerMethod.java:190)
	at org.springframework.web.servlet.mvc.method.annotation.ServletInvocableHandlerMethod.invokeAndHandle(ServletInvocableHandlerMethod.java:118)
	at org.springframework.web.servlet.mvc.method.annotation.RequestMappingHandlerAdapter.invokeHandlerMethod(RequestMappingHandlerAdapter.java:917)
	at org.springframework.web.servlet.mvc.method.annotation.RequestMappingHandlerAdapter.handleInternal(RequestMappingHandlerAdapter.java:829)
	at org.springframework.web.servlet.mvc.method.AbstractHandlerMethodAdapter.handle(AbstractHandlerMethodAdapter.java:87)
	at org.springframework.web.servlet.DispatcherServlet.doDispatch(DispatcherServlet.java:1089)
	at org.springframework.web.servlet.DispatcherServlet.doService(DispatcherServlet.java:979)
	at org.springframework.web.servlet.FrameworkServlet.processRequest(FrameworkServlet.java:1014)
	at org.springframework.web.servlet.FrameworkServlet.doPost(FrameworkServlet.java:914)
	at jakarta.servlet.http.HttpServlet.service(HttpServlet.java:590)
	at org.springframework.web.servlet.FrameworkServlet.service(FrameworkServlet.java:885)
	at jakarta.servlet.http.HttpServlet.service(HttpServlet.java:658)
	at org.apache.catalina.core.ApplicationFilterChain.internalDoFilter(ApplicationFilterChain.java:205)
	at org.apache.catalina.core.ApplicationFilterChain.doFilter(ApplicationFilterChain.java:149)
	at org.apache.tomcat.websocket.server.WsFilter.doFilter(WsFilter.java:51)
	at org.apache.catalina.core.ApplicationFilterChain.internalDoFilter(ApplicationFilterChain.java:174)
	at org.apache.catalina.core.ApplicationFilterChain.doFilter(ApplicationFilterChain.java:149)
	at org.springframework.web.filter.RequestContextFilter.doFilterInternal(RequestContextFilter.java:100)
	at org.springframework.web.filter.OncePerRequestFilter.doFilter(OncePerRequestFilter.java:116)
	at org.apache.catalina.core.ApplicationFilterChain.internalDoFilter(ApplicationFilterChain.java:174)
	at org.apache.catalina.core.ApplicationFilterChain.doFilter(ApplicationFilterChain.java:149)
	at org.springframework.web.filter.FormContentFilter.doFilterInternal(FormContentFilter.java:93)
	at org.springframework.web.filter.OncePerRequestFilter.doFilter(OncePerRequestFilter.java:116)
	at org.apache.catalina.core.ApplicationFilterChain.internalDoFilter(ApplicationFilterChain.java:174)
	at org.apache.catalina.core.ApplicationFilterChain.doFilter(ApplicationFilterChain.java:149)
	at org.springframework.web.filter.CharacterEncodingFilter.doFilterInternal(CharacterEncodingFilter.java:201)
	at org.springframework.web.filter.OncePerRequestFilter.doFilter(OncePerRequestFilter.java:116)
	at org.apache.catalina.core.ApplicationFilterChain.internalDoFilter(ApplicationFilterChain.java:174)
	at org.apache.catalina.core.ApplicationFilterChain.doFilter(ApplicationFilterChain.java:149)
	at org.apache.catalina.core.StandardWrapperValve.invoke(StandardWrapperValve.java:167)
	at org.apache.catalina.core.StandardContextValve.invoke(StandardContextValve.java:90)
	at org.apache.catalina.authenticator.AuthenticatorBase.invoke(AuthenticatorBase.java:482)
	at org.apache.catalina.core.StandardHostValve.invoke(StandardHostValve.java:115)
	at org.apache.catalina.valves.ErrorReportValve.invoke(ErrorReportValve.java:93)
	at org.apache.catalina.core.StandardEngineValve.invoke(StandardEngineValve.java:74)
	at org.apache.catalina.connector.CoyoteAdapter.service(CoyoteAdapter.java:340)
	at org.apache.coyote.http11.Http11Processor.service(Http11Processor.java:391)
	at org.apache.coyote.AbstractProcessorLight.process(AbstractProcessorLight.java:63)
	at org.apache.coyote.AbstractProtocol$ConnectionHandler.process(AbstractProtocol.java:896)
	at org.apache.tomcat.util.net.NioEndpoint$SocketProcessor.doRun(NioEndpoint.java:1744)
	at org.apache.tomcat.util.net.SocketProcessorBase.run(SocketProcessorBase.java:52)
	at org.apache.tomcat.util.threads.ThreadPoolExecutor.runWorker(ThreadPoolExecutor.java:1191)
	at org.apache.tomcat.util.threads.ThreadPoolExecutor$Worker.run(ThreadPoolExecutor.java:659)
	at org.apache.tomcat.util.threads.TaskThread$WrappingRunnable.run(TaskThread.java:61)
	at java.base/java.lang.Thread.run(Thread.java:1474)
🧹 Checking for idle tasks...
🧹 Checking for idle tasks...
🧹 Checking for idle tasks...
🧹 Checking for idle tasks...
🧹 Checking for idle tasks...
🧹 Checking for idle tasks...
🧹 Checking for idle tasks...
🧹 Checking for idle tasks...
🧹 Checking for idle tasks...
🧹 Checking for idle tasks...
🧹 Checking for idle tasks...
🧹 Checking for idle tasks...
🧹 Checking for idle tasks...
🧹 Checking for idle tasks...
🧹 Checking for idle tasks...
🧹 Checking for idle tasks...
🧹 Checking for idle tasks...
🧹 Checking for idle tasks...
🧹 Checking for idle tasks...
🧹 Checking for idle tasks...
🧹 Checking for idle tasks...
🧹 Checking for idle tasks...
🧹 Checking for idle tasks...
⏳ Task for project demo-node-app has been idle for 336 seconds. Stopping...
🛑 Stopping task: arn:aws:ecs:ap-south-1:788184849410:task/buildserver-cluster-1/2107e0b13fc44b66848b66f5e0237890
✅ Task stop initiated: arn:aws:ecs:ap-south-1:788184849410:task/buildserver-cluster-1/2107e0b13fc44b66848b66f5e0237890
nginx: [alert] could not open error log file: open() "/opt/homebrew/var/log/nginx/error.log" failed (13: Permission denied)
2026/02/13 17:33:31 [notice] 21036#0: signal process started
2026/02/13 17:33:31 [alert] 21036#0: kill(13082, 1) failed (1: Operation not permitted)
⚠️ Nginx reload signal failed. Ensure Nginx is installed on the host and running.
🔀 Nginx route removed: demo-node-app
🗑️ Redis: Removed task for project: demo-node-app
✅ Stopped idle task: demo-node-app
🧹 Checking for idle tasks...
🧹 Checking for idle tasks...
🧹 Checking for idle tasks...
🧹 Checking for idle tasks...
🧹 Checking for idle tasks...
2026-02-13T17:38:54.420+05:30 ERROR 6461 --- [BuildServer] [   scheduling-1] o.s.s.s.TaskUtils$LoggingErrorHandler    : Unexpected error occurred in scheduled task

org.springframework.data.redis.RedisSystemException: Redis exception
	at org.springframework.data.redis.connection.lettuce.LettuceExceptionConverter.convert(LettuceExceptionConverter.java:72) ~[spring-data-redis-3.2.1.jar:3.2.1]
	at org.springframework.data.redis.connection.lettuce.LettuceExceptionConverter.convert(LettuceExceptionConverter.java:41) ~[spring-data-redis-3.2.1.jar:3.2.1]
	at org.springframework.data.redis.PassThroughExceptionTranslationStrategy.translate(PassThroughExceptionTranslationStrategy.java:40) ~[spring-data-redis-3.2.1.jar:3.2.1]
	at org.springframework.data.redis.FallbackExceptionTranslationStrategy.translate(FallbackExceptionTranslationStrategy.java:38) ~[spring-data-redis-3.2.1.jar:3.2.1]
	at org.springframework.data.redis.connection.lettuce.LettuceConnection.convertLettuceAccessException(LettuceConnection.java:306) ~[spring-data-redis-3.2.1.jar:3.2.1]
	at org.springframework.data.redis.connection.lettuce.LettuceConnection.await(LettuceConnection.java:1010) ~[spring-data-redis-3.2.1.jar:3.2.1]
	at org.springframework.data.redis.connection.lettuce.LettuceConnection.lambda$doInvoke$3(LettuceConnection.java:443) ~[spring-data-redis-3.2.1.jar:3.2.1]
	at org.springframework.data.redis.connection.lettuce.LettuceInvoker$Synchronizer.invoke(LettuceInvoker.java:673) ~[spring-data-redis-3.2.1.jar:3.2.1]
	at org.springframework.data.redis.connection.lettuce.LettuceInvoker$DefaultManyInvocationSpec.toSet(LettuceInvoker.java:639) ~[spring-data-redis-3.2.1.jar:3.2.1]
	at org.springframework.data.redis.connection.lettuce.LettuceInvoker$ManyInvocationSpec.toSet(LettuceInvoker.java:434) ~[spring-data-redis-3.2.1.jar:3.2.1]
	at org.springframework.data.redis.connection.lettuce.LettuceKeyCommands.keys(LettuceKeyCommands.java:124) ~[spring-data-redis-3.2.1.jar:3.2.1]
	at org.springframework.data.redis.core.RedisTemplate.lambda$keys$10(RedisTemplate.java:638) ~[spring-data-redis-3.2.1.jar:3.2.1]
	at org.springframework.data.redis.core.RedisTemplate.lambda$doWithKeys$22(RedisTemplate.java:785) ~[spring-data-redis-3.2.1.jar:3.2.1]
	at org.springframework.data.redis.core.RedisTemplate.execute(RedisTemplate.java:406) ~[spring-data-redis-3.2.1.jar:3.2.1]
	at org.springframework.data.redis.core.RedisTemplate.execute(RedisTemplate.java:373) ~[spring-data-redis-3.2.1.jar:3.2.1]
	at org.springframework.data.redis.core.RedisTemplate.doWithKeys(RedisTemplate.java:785) ~[spring-data-redis-3.2.1.jar:3.2.1]
	at org.springframework.data.redis.core.RedisTemplate.keys(RedisTemplate.java:638) ~[spring-data-redis-3.2.1.jar:3.2.1]
	at com.BuildBox.BuildServer.service.TaskRegistry.getAllTasks(TaskRegistry.java:58) ~[classes/:na]
	at com.BuildBox.BuildServer.scheduler.TaskCleanupScheduler.cleanupIdleTasks(TaskCleanupScheduler.java:39) ~[classes/:na]
	at java.base/jdk.internal.reflect.DirectMethodHandleAccessor.invoke(DirectMethodHandleAccessor.java:104) ~[na:na]
	at java.base/java.lang.reflect.Method.invoke(Method.java:565) ~[na:na]
	at org.springframework.scheduling.support.ScheduledMethodRunnable.runInternal(ScheduledMethodRunnable.java:130) ~[spring-context-6.1.2.jar:6.1.2]
	at org.springframework.scheduling.support.ScheduledMethodRunnable.lambda$run$2(ScheduledMethodRunnable.java:124) ~[spring-context-6.1.2.jar:6.1.2]
	at io.micrometer.observation.Observation.observe(Observation.java:499) ~[micrometer-observation-1.12.1.jar:1.12.1]
	at org.springframework.scheduling.support.ScheduledMethodRunnable.run(ScheduledMethodRunnable.java:124) ~[spring-context-6.1.2.jar:6.1.2]
	at org.springframework.scheduling.support.DelegatingErrorHandlingRunnable.run(DelegatingErrorHandlingRunnable.java:54) ~[spring-context-6.1.2.jar:6.1.2]
	at java.base/java.util.concurrent.Executors$RunnableAdapter.call(Executors.java:545) ~[na:na]
	at java.base/java.util.concurrent.FutureTask.runAndReset(FutureTask.java:369) ~[na:na]
	at java.base/java.util.concurrent.ScheduledThreadPoolExecutor$ScheduledFutureTask.run(ScheduledThreadPoolExecutor.java:310) ~[na:na]
	at java.base/java.util.concurrent.ThreadPoolExecutor.runWorker(ThreadPoolExecutor.java:1090) ~[na:na]
	at java.base/java.util.concurrent.ThreadPoolExecutor$Worker.run(ThreadPoolExecutor.java:614) ~[na:na]
	at java.base/java.lang.Thread.run(Thread.java:1474) ~[na:na]
Caused by: io.lettuce.core.RedisException: java.io.IOException: Operation timed out
	at io.lettuce.core.internal.Exceptions.bubble(Exceptions.java:83) ~[lettuce-core-6.3.0.RELEASE.jar:6.3.0.RELEASE/9bb1669]
	at io.lettuce.core.internal.Futures.awaitOrCancel(Futures.java:250) ~[lettuce-core-6.3.0.RELEASE.jar:6.3.0.RELEASE/9bb1669]
	at io.lettuce.core.LettuceFutures.awaitOrCancel(LettuceFutures.java:74) ~[lettuce-core-6.3.0.RELEASE.jar:6.3.0.RELEASE/9bb1669]
	at org.springframework.data.redis.connection.lettuce.LettuceConnection.await(LettuceConnection.java:1008) ~[spring-data-redis-3.2.1.jar:3.2.1]
	... 26 common frames omitted
Caused by: java.io.IOException: Operation timed out
	at java.base/sun.nio.ch.SocketDispatcher.read0(Native Method) ~[na:na]
	at java.base/sun.nio.ch.SocketDispatcher.read(SocketDispatcher.java:48) ~[na:na]
	at java.base/sun.nio.ch.IOUtil.readIntoNativeBuffer(IOUtil.java:341) ~[na:na]
	at java.base/sun.nio.ch.IOUtil.read(IOUtil.java:295) ~[na:na]
	at java.base/sun.nio.ch.IOUtil.read(IOUtil.java:270) ~[na:na]
	at java.base/sun.nio.ch.SocketChannelImpl.implRead(SocketChannelImpl.java:422) ~[na:na]
	at java.base/sun.nio.ch.SocketChannelImpl.read(SocketChannelImpl.java:489) ~[na:na]
	at io.netty.buffer.PooledByteBuf.setBytes(PooledByteBuf.java:255) ~[netty-buffer-4.1.104.Final.jar:4.1.104.Final]
	at io.netty.buffer.AbstractByteBuf.writeBytes(AbstractByteBuf.java:1132) ~[netty-buffer-4.1.104.Final.jar:4.1.104.Final]
	at io.netty.channel.socket.nio.NioSocketChannel.doReadBytes(NioSocketChannel.java:357) ~[netty-transport-4.1.104.Final.jar:4.1.104.Final]
	at io.netty.channel.nio.AbstractNioByteChannel$NioByteUnsafe.read(AbstractNioByteChannel.java:151) ~[netty-transport-4.1.104.Final.jar:4.1.104.Final]
	at io.netty.channel.nio.NioEventLoop.processSelectedKey(NioEventLoop.java:788) ~[netty-transport-4.1.104.Final.jar:4.1.104.Final]
	at io.netty.channel.nio.NioEventLoop.processSelectedKeysOptimized(NioEventLoop.java:724) ~[netty-transport-4.1.104.Final.jar:4.1.104.Final]
	at io.netty.channel.nio.NioEventLoop.processSelectedKeys(NioEventLoop.java:650) ~[netty-transport-4.1.104.Final.jar:4.1.104.Final]
	at io.netty.channel.nio.NioEventLoop.run(NioEventLoop.java:562) ~[netty-transport-4.1.104.Final.jar:4.1.104.Final]
	at io.netty.util.concurrent.SingleThreadEventExecutor$4.run(SingleThreadEventExecutor.java:997) ~[netty-common-4.1.104.Final.jar:4.1.104.Final]
	at io.netty.util.internal.ThreadExecutorMap$2.run(ThreadExecutorMap.java:74) ~[netty-common-4.1.104.Final.jar:4.1.104.Final]
	at io.netty.util.concurrent.FastThreadLocalRunnable.run(FastThreadLocalRunnable.java:30) ~[netty-common-4.1.104.Final.jar:4.1.104.Final]
	... 1 common frames omitted

2026-02-13T17:38:54.479+05:30  INFO 6461 --- [BuildServer] [xecutorLoop-1-6] i.l.core.protocol.ConnectionWatchdog     : Reconnecting, last destination was valkey-319df50f-maharshnayak5-038f.l.aivencloud.com/213.163.202.126:12608
2026-02-13T17:38:55.313+05:30  INFO 6461 --- [BuildServer] [ioEventLoop-4-2] i.l.core.protocol.ReconnectionHandler    : Reconnected to valkey-319df50f-maharshnayak5-038f.l.aivencloud.com/<unresolved>:12608
🧹 Checking for idle tasks...
🧹 Checking for idle tasks...
🧹 Checking for idle tasks...
🧹 Checking for idle tasks...
⏳ Task for project demo-node-app has been idle for 309 seconds. Stopping...
🛑 Stopping task: arn:aws:ecs:ap-south-1:788184849410:task/buildserver-cluster-1/11da49d64ff54cfb8c03743b0587aff8
✅ Task stop initiated: arn:aws:ecs:ap-south-1:788184849410:task/buildserver-cluster-1/11da49d64ff54cfb8c03743b0587aff8
nginx: [alert] could not open error log file: open() "/opt/homebrew/var/log/nginx/error.log" failed (13: Permission denied)
2026/02/13 17:42:31 [notice] 21973#0: signal process started
2026/02/13 17:42:31 [alert] 21973#0: kill(13082, 1) failed (1: Operation not permitted)
⚠️ Nginx reload signal failed. Ensure Nginx is installed on the host and running.
🔀 Nginx route removed: demo-node-app
🗑️ Redis: Removed task for project: demo-node-app
✅ Stopped idle task: demo-node-app
🧹 Checking for idle tasks...
🧹 Checking for idle tasks...
🧹 Checking for idle tasks...
🧹 Checking for idle tasks...
🧹 Checking for idle tasks...
🧹 Checking for idle tasks...
⏳ Task for project demo-node-app has been idle for 323 seconds. Stopping...
🛑 Stopping task: arn:aws:ecs:ap-south-1:788184849410:task/buildserver-cluster-1/8194f994647f488cb795a7a88a7ff334
✅ Task stop initiated: arn:aws:ecs:ap-south-1:788184849410:task/buildserver-cluster-1/8194f994647f488cb795a7a88a7ff334
nginx: [alert] could not open error log file: open() "/opt/homebrew/var/log/nginx/error.log" failed (13: Permission denied)
2026/02/13 17:48:32 [notice] 22791#0: signal process started
2026/02/13 17:48:32 [alert] 22791#0: kill(13082, 1) failed (1: Operation not permitted)
⚠️ Nginx reload signal failed. Ensure Nginx is installed on the host and running.
🔀 Nginx route removed: demo-node-app
🗑️ Redis: Removed task for project: demo-node-app
✅ Stopped idle task: demo-node-app
🧹 Checking for idle tasks...
🧹 Checking for idle tasks...
🧹 Checking for idle tasks...
🧹 Checking for idle tasks...
🧹 Checking for idle tasks...
🧹 Checking for idle tasks...
🧹 Checking for idle tasks...
🧹 Checking for idle tasks...
🧹 Checking for idle tasks...
🧹 Checking for idle tasks...
🧹 Checking for idle tasks...
🧹 Checking for idle tasks...
🧹 Checking for idle tasks...
🧹 Checking for idle tasks...
🧹 Checking for idle tasks...
🧹 Checking for idle tasks...
2026-02-13T18:32:58.032+05:30 ERROR 6461 --- [BuildServer] [   scheduling-1] o.s.s.s.TaskUtils$LoggingErrorHandler    : Unexpected error occurred in scheduled task

org.springframework.data.redis.RedisSystemException: Redis exception
	at org.springframework.data.redis.connection.lettuce.LettuceExceptionConverter.convert(LettuceExceptionConverter.java:72) ~[spring-data-redis-3.2.1.jar:3.2.1]
	at org.springframework.data.redis.connection.lettuce.LettuceExceptionConverter.convert(LettuceExceptionConverter.java:41) ~[spring-data-redis-3.2.1.jar:3.2.1]
	at org.springframework.data.redis.PassThroughExceptionTranslationStrategy.translate(PassThroughExceptionTranslationStrategy.java:40) ~[spring-data-redis-3.2.1.jar:3.2.1]
	at org.springframework.data.redis.FallbackExceptionTranslationStrategy.translate(FallbackExceptionTranslationStrategy.java:38) ~[spring-data-redis-3.2.1.jar:3.2.1]
	at org.springframework.data.redis.connection.lettuce.LettuceConnection.convertLettuceAccessException(LettuceConnection.java:306) ~[spring-data-redis-3.2.1.jar:3.2.1]
	at org.springframework.data.redis.connection.lettuce.LettuceConnection.await(LettuceConnection.java:1010) ~[spring-data-redis-3.2.1.jar:3.2.1]
	at org.springframework.data.redis.connection.lettuce.LettuceConnection.lambda$doInvoke$3(LettuceConnection.java:443) ~[spring-data-redis-3.2.1.jar:3.2.1]
	at org.springframework.data.redis.connection.lettuce.LettuceInvoker$Synchronizer.invoke(LettuceInvoker.java:673) ~[spring-data-redis-3.2.1.jar:3.2.1]
	at org.springframework.data.redis.connection.lettuce.LettuceInvoker$DefaultManyInvocationSpec.toSet(LettuceInvoker.java:639) ~[spring-data-redis-3.2.1.jar:3.2.1]
	at org.springframework.data.redis.connection.lettuce.LettuceInvoker$ManyInvocationSpec.toSet(LettuceInvoker.java:434) ~[spring-data-redis-3.2.1.jar:3.2.1]
	at org.springframework.data.redis.connection.lettuce.LettuceKeyCommands.keys(LettuceKeyCommands.java:124) ~[spring-data-redis-3.2.1.jar:3.2.1]
	at org.springframework.data.redis.core.RedisTemplate.lambda$keys$10(RedisTemplate.java:638) ~[spring-data-redis-3.2.1.jar:3.2.1]
	at org.springframework.data.redis.core.RedisTemplate.lambda$doWithKeys$22(RedisTemplate.java:785) ~[spring-data-redis-3.2.1.jar:3.2.1]
	at org.springframework.data.redis.core.RedisTemplate.execute(RedisTemplate.java:406) ~[spring-data-redis-3.2.1.jar:3.2.1]
	at org.springframework.data.redis.core.RedisTemplate.execute(RedisTemplate.java:373) ~[spring-data-redis-3.2.1.jar:3.2.1]
	at org.springframework.data.redis.core.RedisTemplate.doWithKeys(RedisTemplate.java:785) ~[spring-data-redis-3.2.1.jar:3.2.1]
	at org.springframework.data.redis.core.RedisTemplate.keys(RedisTemplate.java:638) ~[spring-data-redis-3.2.1.jar:3.2.1]
	at com.BuildBox.BuildServer.service.TaskRegistry.getAllTasks(TaskRegistry.java:58) ~[classes/:na]
	at com.BuildBox.BuildServer.scheduler.TaskCleanupScheduler.cleanupIdleTasks(TaskCleanupScheduler.java:39) ~[classes/:na]
	at java.base/jdk.internal.reflect.DirectMethodHandleAccessor.invoke(DirectMethodHandleAccessor.java:104) ~[na:na]
	at java.base/java.lang.reflect.Method.invoke(Method.java:565) ~[na:na]
	at org.springframework.scheduling.support.ScheduledMethodRunnable.runInternal(ScheduledMethodRunnable.java:130) ~[spring-context-6.1.2.jar:6.1.2]
	at org.springframework.scheduling.support.ScheduledMethodRunnable.lambda$run$2(ScheduledMethodRunnable.java:124) ~[spring-context-6.1.2.jar:6.1.2]
	at io.micrometer.observation.Observation.observe(Observation.java:499) ~[micrometer-observation-1.12.1.jar:1.12.1]
	at org.springframework.scheduling.support.ScheduledMethodRunnable.run(ScheduledMethodRunnable.java:124) ~[spring-context-6.1.2.jar:6.1.2]
	at org.springframework.scheduling.support.DelegatingErrorHandlingRunnable.run(DelegatingErrorHandlingRunnable.java:54) ~[spring-context-6.1.2.jar:6.1.2]
	at java.base/java.util.concurrent.Executors$RunnableAdapter.call(Executors.java:545) ~[na:na]
	at java.base/java.util.concurrent.FutureTask.runAndReset(FutureTask.java:369) ~[na:na]
	at java.base/java.util.concurrent.ScheduledThreadPoolExecutor$ScheduledFutureTask.run(ScheduledThreadPoolExecutor.java:310) ~[na:na]
	at java.base/java.util.concurrent.ThreadPoolExecutor.runWorker(ThreadPoolExecutor.java:1090) ~[na:na]
	at java.base/java.util.concurrent.ThreadPoolExecutor$Worker.run(ThreadPoolExecutor.java:614) ~[na:na]
	at java.base/java.lang.Thread.run(Thread.java:1474) ~[na:na]
Caused by: io.lettuce.core.RedisException: java.io.IOException: Operation timed out
	at io.lettuce.core.internal.Exceptions.bubble(Exceptions.java:83) ~[lettuce-core-6.3.0.RELEASE.jar:6.3.0.RELEASE/9bb1669]
	at io.lettuce.core.internal.Futures.awaitOrCancel(Futures.java:250) ~[lettuce-core-6.3.0.RELEASE.jar:6.3.0.RELEASE/9bb1669]
	at io.lettuce.core.LettuceFutures.awaitOrCancel(LettuceFutures.java:74) ~[lettuce-core-6.3.0.RELEASE.jar:6.3.0.RELEASE/9bb1669]
	at org.springframework.data.redis.connection.lettuce.LettuceConnection.await(LettuceConnection.java:1008) ~[spring-data-redis-3.2.1.jar:3.2.1]
	... 26 common frames omitted
Caused by: java.io.IOException: Operation timed out
	at java.base/sun.nio.ch.SocketDispatcher.read0(Native Method) ~[na:na]
	at java.base/sun.nio.ch.SocketDispatcher.read(SocketDispatcher.java:48) ~[na:na]
	at java.base/sun.nio.ch.IOUtil.readIntoNativeBuffer(IOUtil.java:341) ~[na:na]
	at java.base/sun.nio.ch.IOUtil.read(IOUtil.java:295) ~[na:na]
	at java.base/sun.nio.ch.IOUtil.read(IOUtil.java:270) ~[na:na]
	at java.base/sun.nio.ch.SocketChannelImpl.implRead(SocketChannelImpl.java:422) ~[na:na]
	at java.base/sun.nio.ch.SocketChannelImpl.read(SocketChannelImpl.java:489) ~[na:na]
	at io.netty.buffer.PooledByteBuf.setBytes(PooledByteBuf.java:255) ~[netty-buffer-4.1.104.Final.jar:4.1.104.Final]
	at io.netty.buffer.AbstractByteBuf.writeBytes(AbstractByteBuf.java:1132) ~[netty-buffer-4.1.104.Final.jar:4.1.104.Final]
	at io.netty.channel.socket.nio.NioSocketChannel.doReadBytes(NioSocketChannel.java:357) ~[netty-transport-4.1.104.Final.jar:4.1.104.Final]
	at io.netty.channel.nio.AbstractNioByteChannel$NioByteUnsafe.read(AbstractNioByteChannel.java:151) ~[netty-transport-4.1.104.Final.jar:4.1.104.Final]
	at io.netty.channel.nio.NioEventLoop.processSelectedKey(NioEventLoop.java:788) ~[netty-transport-4.1.104.Final.jar:4.1.104.Final]
	at io.netty.channel.nio.NioEventLoop.processSelectedKeysOptimized(NioEventLoop.java:724) ~[netty-transport-4.1.104.Final.jar:4.1.104.Final]
	at io.netty.channel.nio.NioEventLoop.processSelectedKeys(NioEventLoop.java:650) ~[netty-transport-4.1.104.Final.jar:4.1.104.Final]
	at io.netty.channel.nio.NioEventLoop.run(NioEventLoop.java:562) ~[netty-transport-4.1.104.Final.jar:4.1.104.Final]
	at io.netty.util.concurrent.SingleThreadEventExecutor$4.run(SingleThreadEventExecutor.java:997) ~[netty-common-4.1.104.Final.jar:4.1.104.Final]
	at io.netty.util.internal.ThreadExecutorMap$2.run(ThreadExecutorMap.java:74) ~[netty-common-4.1.104.Final.jar:4.1.104.Final]
	at io.netty.util.concurrent.FastThreadLocalRunnable.run(FastThreadLocalRunnable.java:30) ~[netty-common-4.1.104.Final.jar:4.1.104.Final]
	... 1 common frames omitted

2026-02-13T18:32:58.114+05:30  INFO 6461 --- [BuildServer] [xecutorLoop-1-7] i.l.core.protocol.ConnectionWatchdog     : Reconnecting, last destination was valkey-319df50f-maharshnayak5-038f.l.aivencloud.com/213.163.202.126:12608
2026-02-13T18:33:00.370+05:30  INFO 6461 --- [BuildServer] [ioEventLoop-4-3] i.l.core.protocol.ReconnectionHandler    : Reconnected to valkey-319df50f-maharshnayak5-038f.l.aivencloud.com/<unresolved>:12608
🧹 Checking for idle tasks...
🧹 Checking for idle tasks...
🧹 Checking for idle tasks...
🧹 Checking for idle tasks...
🧹 Checking for idle tasks...
🧹 Checking for idle tasks...
🧹 Checking for idle tasks...
🧹 Checking for idle tasks...
🧹 Checking for idle tasks...
🧹 Checking for idle tasks...
⏳ Task for project demo-node-app has been idle for 321 seconds. Stopping...
🛑 Stopping task: arn:aws:ecs:ap-south-1:788184849410:task/buildserver-cluster-1/39b6e41f4f8e41aeb533ae73c1613bf2
✅ Task stop initiated: arn:aws:ecs:ap-south-1:788184849410:task/buildserver-cluster-1/39b6e41f4f8e41aeb533ae73c1613bf2
nginx: [alert] could not open error log file: open() "/opt/homebrew/var/log/nginx/error.log" failed (13: Permission denied)
2026/02/13 18:42:44 [notice] 25713#0: signal process started
2026/02/13 18:42:44 [alert] 25713#0: kill(13082, 1) failed (1: Operation not permitted)
⚠️ Nginx reload signal failed. Ensure Nginx is installed on the host and running.
🔀 Nginx route removed: demo-node-app
🗑️ Redis: Removed task for project: demo-node-app
✅ Stopped idle task: demo-node-app
🧹 Checking for idle tasks...
🧹 Checking for idle tasks...
🧹 Checking for idle tasks...
🧹 Checking for idle tasks...
🧹 Checking for idle tasks...
🧹 Checking for idle tasks...
🧹 Checking for idle tasks...
🧹 Checking for idle tasks...
🧹 Checking for idle tasks...
🧹 Checking for idle tasks...
🧹 Checking for idle tasks...
